\BOOKMARK [1][-]{section*.1}{\376\377\000A\000b\000s\000t\000r\000a\000c\000t}{}% 1
\BOOKMARK [1][-]{section*.2}{\376\377\000A\000c\000k\000n\000o\000w\000l\000e\000d\000g\000e\000m\000e\000n\000t\000s}{}% 2
\BOOKMARK [1][-]{section*.3}{\376\377\000L\000i\000s\000t\000\040\000o\000f\000\040\000T\000a\000b\000l\000e\000s}{}% 3
\BOOKMARK [1][-]{section*.4}{\376\377\000L\000i\000s\000t\000\040\000o\000f\000\040\000F\000i\000g\000u\000r\000e\000s}{}% 4
\BOOKMARK [1][-]{section.1}{\376\377\000E\000x\000e\000c\000u\000t\000i\000v\000e\000\040\000S\000u\000m\000m\000a\000r\000y}{}% 5
\BOOKMARK [2][-]{subsection.1.1}{\376\377\000P\000r\000o\000j\000e\000c\000t\000\040\000O\000v\000e\000r\000v\000i\000e\000w}{section.1}% 6
\BOOKMARK [2][-]{subsection.1.2}{\376\377\000C\000l\000i\000e\000n\000t\000\040\000B\000r\000i\000e\000f\000\040\000\046\000\040\000O\000b\000j\000e\000c\000t\000i\000v\000e\000s}{section.1}% 7
\BOOKMARK [2][-]{subsection.1.3}{\376\377\000K\000e\000y\000\040\000M\000i\000l\000e\000s\000t\000o\000n\000e\000s\000\040\000\046\000\040\000T\000i\000m\000e\000l\000i\000n\000e}{section.1}% 8
\BOOKMARK [2][-]{subsection.1.4}{\376\377\000D\000o\000c\000u\000m\000e\000n\000t\000\040\000C\000o\000n\000v\000e\000n\000t\000i\000o\000n\000s}{section.1}% 9
\BOOKMARK [1][-]{section.2}{\376\377\000I\000n\000t\000r\000o\000d\000u\000c\000t\000i\000o\000n}{}% 10
\BOOKMARK [2][-]{subsection.2.1}{\376\377\000B\000a\000c\000k\000g\000r\000o\000u\000n\000d}{section.2}% 11
\BOOKMARK [2][-]{subsection.2.2}{\376\377\000P\000r\000o\000b\000l\000e\000m\000\040\000S\000t\000a\000t\000e\000m\000e\000n\000t}{section.2}% 12
\BOOKMARK [2][-]{subsection.2.3}{\376\377\000S\000c\000o\000p\000e\000\040\000o\000f\000\040\000W\000o\000r\000k\000\040\000\046\000\040\000D\000e\000l\000i\000v\000e\000r\000a\000b\000l\000e\000s}{section.2}% 13
\BOOKMARK [2][-]{subsection.2.4}{\376\377\000R\000e\000p\000o\000r\000t\000\040\000S\000t\000r\000u\000c\000t\000u\000r\000e}{section.2}% 14
\BOOKMARK [1][-]{section.3}{\376\377\000C\000o\000m\000p\000a\000n\000y\000\040\000C\000o\000n\000t\000e\000x\000t}{}% 15
\BOOKMARK [2][-]{subsection.3.1}{\376\377\000D\000e\000s\000c\000r\000i\000p\000t\000i\000o\000n\000\040\000o\000f\000\040\000t\000h\000e\000\040\000C\000o\000m\000p\000a\000n\000y}{section.3}% 16
\BOOKMARK [2][-]{subsection.3.2}{\376\377\000M\000i\000s\000s\000i\000o\000n\000\040\000a\000n\000d\000\040\000O\000b\000j\000e\000c\000t\000i\000v\000e\000s}{section.3}% 17
\BOOKMARK [2][-]{subsection.3.3}{\376\377\000I\000n\000d\000u\000s\000t\000r\000y\000\040\000S\000t\000r\000u\000c\000t\000u\000r\000e}{section.3}% 18
\BOOKMARK [2][-]{subsection.3.4}{\376\377\000M\000a\000r\000k\000e\000t\000\040\000S\000t\000r\000u\000c\000t\000u\000r\000e}{section.3}% 19
\BOOKMARK [1][-]{section.4}{\376\377\000R\000e\000s\000e\000a\000r\000c\000h\000\040\000P\000h\000a\000s\000e}{}% 20
\BOOKMARK [2][-]{subsection.4.1}{\376\377\000S\000t\000a\000t\000e\000\040\000o\000f\000\040\000t\000h\000e\000\040\000A\000r\000t\000\040\040\024\000\040\000O\000n\000-\000B\000o\000a\000r\000d\000\040\000D\000i\000a\000g\000n\000o\000s\000t\000i\000c\000s}{section.4}% 21
\BOOKMARK [2][-]{subsection.4.2}{\376\377\000M\000a\000r\000k\000e\000t\000\040\000\046\000\040\000C\000o\000m\000p\000e\000t\000i\000t\000o\000r\000\040\000A\000n\000a\000l\000y\000s\000i\000s}{section.4}% 22
\BOOKMARK [2][-]{subsection.4.3}{\376\377\000F\000e\000a\000s\000i\000b\000i\000l\000i\000t\000y\000\040\000S\000t\000u\000d\000y}{section.4}% 23
\BOOKMARK [2][-]{subsection.4.4}{\376\377\000S\000t\000a\000n\000d\000a\000r\000d\000s\000\040\000\046\000\040\000R\000e\000g\000u\000l\000a\000t\000o\000r\000y\000\040\000R\000e\000v\000i\000e\000w}{section.4}% 24
\BOOKMARK [2][-]{subsection.4.5}{\376\377\000T\000e\000c\000h\000n\000o\000l\000o\000g\000y\000\040\000S\000t\000a\000c\000k\000\040\000S\000e\000l\000e\000c\000t\000i\000o\000n}{section.4}% 25
\BOOKMARK [2][-]{subsection.4.6}{\376\377\000R\000e\000f\000e\000r\000e\000n\000c\000e\000\040\000A\000r\000c\000h\000i\000t\000e\000c\000t\000u\000r\000e\000\040\000R\000e\000v\000i\000e\000w}{section.4}% 26
\BOOKMARK [1][-]{section.5}{\376\377\000S\000y\000s\000t\000e\000m\000s\000\040\000A\000r\000c\000h\000i\000t\000e\000c\000t\000u\000r\000e}{}% 27
\BOOKMARK [2][-]{subsection.5.1}{\376\377\000S\000y\000s\000t\000e\000m\000\040\000O\000v\000e\000r\000v\000i\000e\000w\000\040\000D\000i\000a\000g\000r\000a\000m}{section.5}% 28
\BOOKMARK [2][-]{subsection.5.2}{\376\377\000D\000e\000t\000a\000i\000l\000e\000d\000\040\000S\000y\000s\000t\000e\000m\000\040\000B\000l\000o\000c\000k\000\040\000D\000i\000a\000g\000r\000a\000m}{section.5}% 29
\BOOKMARK [2][-]{subsection.5.3}{\376\377\000E\000l\000e\000c\000t\000r\000i\000c\000a\000l\000\040\000\046\000\040\000P\000o\000w\000e\000r\000\040\000S\000y\000s\000t\000e\000m\000s}{section.5}% 30
\BOOKMARK [2][-]{subsection.5.4}{\376\377\000E\000l\000e\000c\000t\000r\000o\000n\000i\000c\000\040\000C\000o\000n\000t\000r\000o\000l\000\040\000U\000n\000i\000t\000s\000\040\000\050\000E\000C\000U\000s\000\051}{section.5}% 31
\BOOKMARK [2][-]{subsection.5.5}{\376\377\000E\000m\000b\000e\000d\000d\000e\000d\000\040\000S\000o\000f\000t\000w\000a\000r\000e\000\040\000A\000r\000c\000h\000i\000t\000e\000c\000t\000u\000r\000e}{section.5}% 32
\BOOKMARK [3][-]{subsubsection.5.5.1}{\376\377\000K\000e\000y\000\040\000D\000e\000s\000i\000g\000n\000\040\000D\000e\000c\000i\000s\000i\000o\000n\000s}{subsection.5.5}% 33
\BOOKMARK [2][-]{subsection.5.6}{\376\377\000C\000l\000o\000u\000d\000\040\000\046\000\040\000C\000o\000n\000n\000e\000c\000t\000i\000v\000i\000t\000y\000\040\000A\000r\000c\000h\000i\000t\000e\000c\000t\000u\000r\000e}{section.5}% 34
\BOOKMARK [3][-]{subsubsection.5.6.1}{\376\377\000C\000o\000m\000p\000o\000n\000e\000n\000t\000\040\000R\000o\000l\000e\000s}{subsection.5.6}% 35
\BOOKMARK [3][-]{subsubsection.5.6.2}{\376\377\000D\000a\000t\000a\000\040\000F\000l\000o\000w\000\040\000S\000u\000m\000m\000a\000r\000y}{subsection.5.6}% 36
\BOOKMARK [3][-]{subsubsection.5.6.3}{\376\377\000D\000u\000a\000l\000-\000M\000o\000d\000e\000\040\000O\000p\000e\000r\000a\000t\000i\000o\000n}{subsection.5.6}% 37
\BOOKMARK [2][-]{subsection.5.7}{\376\377\0003\000D\000\040\000M\000e\000c\000h\000a\000n\000i\000c\000a\000l\000\040\000A\000r\000c\000h\000i\000t\000e\000c\000t\000u\000r\000e}{section.5}% 38
\BOOKMARK [2][-]{subsection.5.8}{\376\377\000S\000a\000f\000e\000t\000y\000\040\000\046\000\040\000R\000e\000d\000u\000n\000d\000a\000n\000c\000y\000\040\000D\000e\000s\000i\000g\000n}{section.5}% 39
\BOOKMARK [1][-]{section.6}{\376\377\000P\000r\000e\000p\000a\000r\000a\000t\000i\000o\000n\000\040\000P\000h\000a\000s\000e}{}% 40
\BOOKMARK [2][-]{subsection.6.1}{\376\377\000P\000r\000o\000j\000e\000c\000t\000\040\000G\000o\000v\000e\000r\000n\000a\000n\000c\000e\000\040\000\046\000\040\000T\000e\000a\000m\000\040\000S\000t\000r\000u\000c\000t\000u\000r\000e}{section.6}% 41
\BOOKMARK [2][-]{subsection.6.2}{\376\377\000D\000e\000v\000e\000l\000o\000p\000m\000e\000n\000t\000\040\000E\000n\000v\000i\000r\000o\000n\000m\000e\000n\000t\000\040\000S\000e\000t\000u\000p}{section.6}% 42
\BOOKMARK [2][-]{subsection.6.3}{\376\377\000S\000i\000m\000u\000l\000a\000t\000i\000o\000n\000\040\000\046\000\040\000P\000r\000o\000t\000o\000t\000y\000p\000i\000n\000g\000\040\000E\000n\000v\000i\000r\000o\000n\000m\000e\000n\000t}{section.6}% 43
\BOOKMARK [2][-]{subsection.6.4}{\376\377\000R\000i\000s\000k\000\040\000R\000e\000g\000i\000s\000t\000e\000r\000\040\000\050\000I\000n\000i\000t\000i\000a\000l\000\051}{section.6}% 44
\BOOKMARK [2][-]{subsection.6.5}{\376\377\000P\000r\000o\000c\000u\000r\000e\000m\000e\000n\000t\000\040\000\046\000\040\000V\000e\000n\000d\000o\000r\000\040\000S\000e\000l\000e\000c\000t\000i\000o\000n}{section.6}% 45
\BOOKMARK [2][-]{subsection.6.6}{\376\377\000P\000r\000o\000t\000o\000t\000y\000p\000e\000\040\000P\000l\000a\000n\000n\000i\000n\000g}{section.6}% 46
\BOOKMARK [1][-]{section.7}{\376\377\000C\000i\000r\000c\000u\000i\000t\000\040\000D\000e\000s\000i\000g\000n\000\040\000\046\000\040\000E\000l\000e\000c\000t\000r\000o\000n\000i\000c\000s}{}% 47
\BOOKMARK [2][-]{subsection.7.1}{\376\377\000C\000o\000m\000p\000o\000n\000e\000n\000t\000s\000\040\000S\000e\000l\000e\000c\000t\000i\000o\000n\000\040\000\046\000\040\000J\000u\000s\000t\000i\000f\000i\000c\000a\000t\000i\000o\000n}{section.7}% 48
\BOOKMARK [2][-]{subsection.7.2}{\376\377\000C\000i\000r\000c\000u\000i\000t\000\040\000S\000c\000h\000e\000m\000a\000t\000i\000c\000\040\000D\000e\000s\000c\000r\000i\000p\000t\000i\000o\000n}{section.7}% 49
\BOOKMARK [2][-]{subsection.7.3}{\376\377\000P\000C\000B\000\040\000L\000a\000y\000o\000u\000t\000\040\000\046\000\040\000D\000e\000s\000i\000g\000n}{section.7}% 50
\BOOKMARK [2][-]{subsection.7.4}{\376\377\000F\000u\000l\000l\000\040\000C\000o\000m\000p\000o\000n\000e\000n\000t\000s\000\040\000I\000n\000v\000e\000n\000t\000o\000r\000y}{section.7}% 51
\BOOKMARK [2][-]{subsection.7.5}{\376\377\000C\000o\000m\000p\000o\000n\000e\000n\000t\000\040\000P\000h\000o\000t\000o\000g\000r\000a\000p\000h\000s}{section.7}% 52
\BOOKMARK [2][-]{subsection.7.6}{\376\377\000D\000e\000s\000i\000g\000n\000\040\000S\000u\000m\000m\000a\000r\000y}{section.7}% 53
\BOOKMARK [1][-]{section.8}{\376\377\0003\000D\000\040\000D\000e\000s\000i\000g\000n\000\040\000\046\000\040\000M\000e\000c\000h\000a\000n\000i\000c\000a\000l\000\040\000E\000n\000g\000i\000n\000e\000e\000r\000i\000n\000g}{}% 54
\BOOKMARK [2][-]{subsection.8.1}{\376\377\000E\000n\000c\000l\000o\000s\000u\000r\000e\000\040\000D\000e\000s\000i\000g\000n\000\040\000O\000v\000e\000r\000v\000i\000e\000w}{section.8}% 55
\BOOKMARK [2][-]{subsection.8.2}{\376\377\000C\000A\000D\000\040\000M\000o\000d\000e\000l}{section.8}% 56
\BOOKMARK [2][-]{subsection.8.3}{\376\377\0003\000D\000\040\000P\000r\000i\000n\000t\000\040\000P\000r\000e\000p\000a\000r\000a\000t\000i\000o\000n\000\040\000\046\000\040\000S\000l\000i\000c\000i\000n\000g}{section.8}% 57
\BOOKMARK [2][-]{subsection.8.4}{\376\377\000M\000e\000c\000h\000a\000n\000i\000c\000a\000l\000\040\000F\000e\000a\000t\000u\000r\000e\000s\000\040\000S\000u\000m\000m\000a\000r\000y}{section.8}% 58
\BOOKMARK [1][-]{section.9}{\376\377\000S\000o\000f\000t\000w\000a\000r\000e\000\040\000\046\000\040\000C\000o\000d\000e\000\040\000I\000m\000p\000l\000e\000m\000e\000n\000t\000a\000t\000i\000o\000n}{}% 59
\BOOKMARK [2][-]{subsection.9.1}{\376\377\000F\000i\000r\000m\000w\000a\000r\000e\000\040\000A\000r\000c\000h\000i\000t\000e\000c\000t\000u\000r\000e\000\040\000\046\000\040\000R\000T\000O\000S\000\040\000I\000n\000t\000e\000g\000r\000a\000t\000i\000o\000n}{section.9}% 60
\BOOKMARK [2][-]{subsection.9.2}{\376\377\000B\000M\000S\000\040\000F\000i\000r\000m\000w\000a\000r\000e}{section.9}% 61
\BOOKMARK [3][-]{subsubsection.9.2.1}{\376\377\000C\000A\000N\000\040\000B\000u\000s\000\040\000I\000n\000t\000e\000r\000f\000a\000c\000e}{subsection.9.2}% 62
\BOOKMARK [3][-]{subsubsection.9.2.2}{\376\377\000S\000u\000p\000p\000o\000r\000t\000e\000d\000\040\000F\000r\000a\000m\000e\000\040\000T\000y\000p\000e\000s}{subsection.9.2}% 63
\BOOKMARK [3][-]{subsubsection.9.2.3}{\376\377\000B\000M\000S\000\040\000S\000t\000a\000t\000e\000\040\000S\000t\000r\000u\000c\000t\000u\000r\000e}{subsection.9.2}% 64
\BOOKMARK [3][-]{subsubsection.9.2.4}{\376\377\000S\000O\000C\000\040\000C\000a\000l\000i\000b\000r\000a\000t\000i\000o\000n}{subsection.9.2}% 65
\BOOKMARK [3][-]{subsubsection.9.2.5}{\376\377\000C\000l\000o\000u\000d\000\040\000P\000u\000b\000l\000i\000s\000h\000i\000n\000g\000\040\000v\000i\000a\000\040\000S\000I\000M\0008\0000\0000\000L}{subsection.9.2}% 66
\BOOKMARK [3][-]{subsubsection.9.2.6}{\376\377\000B\000r\000o\000w\000n\000o\000u\000t\000\040\000R\000e\000c\000o\000v\000e\000r\000y}{subsection.9.2}% 67
\BOOKMARK [2][-]{subsection.9.3}{\376\377\000C\000A\000N\000\040\000F\000r\000a\000m\000e\000\040\000P\000a\000r\000s\000e\000r}{section.9}% 68
\BOOKMARK [3][-]{subsubsection.9.3.1}{\376\377\000B\000M\000S\000\040\000F\000r\000a\000m\000e\000s\000\040\000\050\000S\000A\000\040\000=\000\040\0000\000x\000F\0004\000\051}{subsection.9.3}% 69
\BOOKMARK [3][-]{subsubsection.9.3.2}{\376\377\000E\000S\000P\0003\0002\000\040\000S\000e\000n\000s\000o\000r\000\040\000G\000a\000t\000e\000w\000a\000y\000\040\000F\000r\000a\000m\000e\000s\000\040\000\050\000S\000A\000\040\000=\000\040\0000\000x\000A\000A\000\051}{subsection.9.3}% 70
\BOOKMARK [3][-]{subsubsection.9.3.3}{\376\377\000S\000O\000C\000\040\000R\000e\000p\000r\000e\000s\000e\000n\000t\000a\000t\000i\000o\000n\000s\000\040\000a\000n\000d\000\040\000S\000O\000H\000\040\000C\000a\000l\000c\000u\000l\000a\000t\000i\000o\000n}{subsection.9.3}% 71
\BOOKMARK [2][-]{subsection.9.4}{\376\377\000M\000o\000t\000o\000r\000\040\000C\000o\000n\000t\000r\000o\000l\000\040\000A\000l\000g\000o\000r\000i\000t\000h\000m\000s}{section.9}% 72
\BOOKMARK [2][-]{subsection.9.5}{\376\377\000V\000e\000h\000i\000c\000l\000e\000\040\000M\000a\000n\000a\000g\000e\000m\000e\000n\000t\000\040\000U\000n\000i\000t\000\040\000\050\000V\000M\000U\000\051\000\040\000S\000o\000f\000t\000w\000a\000r\000e}{section.9}% 73
\BOOKMARK [2][-]{subsection.9.6}{\376\377\000E\000S\000P\0003\0002\000\040\000A\000c\000c\000e\000s\000s\000\040\000P\000o\000i\000n\000t\000\040\000M\000o\000d\000e}{section.9}% 74
\BOOKMARK [2][-]{subsection.9.7}{\376\377\000O\000T\000A\000\040\000F\000i\000r\000m\000w\000a\000r\000e\000\040\000U\000p\000d\000a\000t\000e\000s\000\040\000\046\000\040\000W\000e\000b\000\040\000C\000o\000n\000f\000i\000g\000u\000r\000a\000t\000i\000o\000n\000\040\000P\000o\000r\000t\000a\000l}{section.9}% 75
\BOOKMARK [2][-]{subsection.9.8}{\376\377\000U\000n\000i\000t\000\040\000\046\000\040\000I\000n\000t\000e\000g\000r\000a\000t\000i\000o\000n\000\040\000T\000e\000s\000t\000i\000n\000g}{section.9}% 76
\BOOKMARK [3][-]{subsubsection.9.8.1}{\376\377\000U\000n\000i\000t\000\040\000T\000e\000s\000t\000i\000n\000g\000\040\040\024\000\040\000F\000r\000a\000m\000e\000\040\000D\000e\000c\000o\000d\000e\000r}{subsection.9.8}% 77
\BOOKMARK [3][-]{subsubsection.9.8.2}{\376\377\000I\000n\000t\000e\000g\000r\000a\000t\000i\000o\000n\000\040\000T\000e\000s\000t\000i\000n\000g\000\040\040\024\000\040\000C\000l\000o\000u\000d\000\040\000P\000i\000p\000e\000l\000i\000n\000e}{subsection.9.8}% 78
\BOOKMARK [3][-]{subsubsection.9.8.3}{\376\377\000F\000u\000n\000c\000t\000i\000o\000n\000a\000l\000\040\000T\000e\000s\000t\000i\000n\000g\000\040\040\024\000\040\000L\000i\000v\000e\000\040\000D\000a\000s\000h\000b\000o\000a\000r\000d}{subsection.9.8}% 79
\BOOKMARK [2][-]{subsection.9.9}{\376\377\000W\000e\000b\000\040\000D\000a\000s\000h\000b\000o\000a\000r\000d}{section.9}% 80
\BOOKMARK [2][-]{subsection.9.10}{\376\377\000S\000i\000m\000u\000l\000a\000t\000i\000o\000n\000\040\000\046\000\040\000E\000m\000u\000l\000a\000t\000i\000o\000n}{section.9}% 81
\BOOKMARK [3][-]{subsubsection.9.10.1}{\376\377\000E\000S\000P\0003\0002\000\040\000F\000i\000r\000m\000w\000a\000r\000e\000\040\000S\000i\000m\000u\000l\000a\000t\000o\000r\000\040\000\046\000\040\000S\000y\000s\000t\000e\000m\000\040\000I\000n\000t\000e\000r\000f\000a\000c\000e}{subsection.9.10}% 82
\BOOKMARK [3][-]{subsubsection.9.10.2}{\376\377\000P\000y\000t\000h\000o\000n\000\040\000E\000m\000u\000l\000a\000t\000o\000r\000\040\000E\000x\000t\000e\000n\000s\000i\000o\000n\000:\000\040\000L\000o\000c\000a\000l\000\040\000S\000t\000o\000r\000a\000g\000e\000\040\000a\000n\000d\000\040\000T\000C\000P\000\040\000T\000r\000a\000n\000s\000m\000i\000s\000s\000i\000o\000n}{subsection.9.10}% 83
\BOOKMARK [2][-]{subsection.9.11}{\376\377\000W\000i\000-\000F\000i\000\040\000D\000a\000s\000h\000b\000o\000a\000r\000d\000\040\000C\000o\000n\000n\000e\000c\000t\000i\000o\000n}{section.9}% 84
\BOOKMARK [2][-]{subsection.9.12}{\376\377\000B\000L\000E\000\040\000C\000o\000m\000p\000a\000n\000i\000o\000n\000\040\000I\000n\000t\000e\000r\000f\000a\000c\000e}{section.9}% 85
\BOOKMARK [1][-]{section.10}{\376\377\000C\000l\000o\000u\000d\000\040\000C\000o\000n\000n\000e\000c\000t\000i\000v\000i\000t\000y\000\040\000\046\000\040\000I\000o\000T}{}% 86
\BOOKMARK [2][-]{subsection.10.1}{\376\377\000E\000n\000d\000-\000t\000o\000-\000E\000n\000d\000\040\000P\000i\000p\000e\000l\000i\000n\000e\000\040\000S\000e\000q\000u\000e\000n\000c\000e}{section.10}% 87
\BOOKMARK [2][-]{subsection.10.2}{\376\377\000T\000e\000l\000e\000m\000a\000t\000i\000c\000s\000\040\000\046\000\040\000D\000a\000t\000a\000\040\000A\000c\000q\000u\000i\000s\000i\000t\000i\000o\000n}{section.10}% 88
\BOOKMARK [3][-]{subsubsection.10.2.1}{\376\377\000O\000n\000-\000V\000e\000h\000i\000c\000l\000e\000\040\000D\000a\000t\000a\000\040\000A\000c\000q\000u\000i\000s\000i\000t\000i\000o\000n}{subsection.10.2}% 89
\BOOKMARK [3][-]{subsubsection.10.2.2}{\376\377\000S\000n\000a\000p\000s\000h\000o\000t\000\040\000A\000g\000g\000r\000e\000g\000a\000t\000i\000o\000n\000\040\000a\000n\000d\000\040\000P\000u\000b\000l\000i\000s\000h\000\040\000C\000a\000d\000e\000n\000c\000e}{subsection.10.2}% 90
\BOOKMARK [3][-]{subsubsection.10.2.3}{\376\377\000C\000e\000l\000l\000u\000l\000a\000r\000\040\000C\000o\000n\000n\000e\000c\000t\000i\000v\000i\000t\000y\000\040\040\024\000\040\000S\000I\000M\0008\0000\0000\000L\000\040\000G\000P\000R\000S}{subsection.10.2}% 91
\BOOKMARK [3][-]{subsubsection.10.2.4}{\376\377\000N\000e\000t\000w\000o\000r\000k\000\040\000T\000i\000m\000e\000s\000t\000a\000m\000p}{subsection.10.2}% 92
\BOOKMARK [2][-]{subsection.10.3}{\376\377\000C\000l\000o\000u\000d\000\040\000P\000l\000a\000t\000f\000o\000r\000m\000\040\000C\000o\000n\000f\000i\000g\000u\000r\000a\000t\000i\000o\000n}{section.10}% 93
\BOOKMARK [3][-]{subsubsection.10.3.1}{\376\377\000P\000l\000a\000t\000f\000o\000r\000m\000\040\000C\000h\000o\000i\000c\000e}{subsection.10.3}% 94
\BOOKMARK [3][-]{subsubsection.10.3.2}{\376\377\000B\000a\000c\000k\000e\000n\000d\000\040\000R\000u\000n\000t\000i\000m\000e}{subsection.10.3}% 95
\BOOKMARK [3][-]{subsubsection.10.3.3}{\376\377\000E\000n\000v\000i\000r\000o\000n\000m\000e\000n\000t\000\040\000V\000a\000r\000i\000a\000b\000l\000e\000s}{subsection.10.3}% 96
\BOOKMARK [2][-]{subsection.10.4}{\376\377\000D\000a\000t\000a\000\040\000P\000i\000p\000e\000l\000i\000n\000e\000\040\000\046\000\040\000S\000t\000o\000r\000a\000g\000e}{section.10}% 97
\BOOKMARK [3][-]{subsubsection.10.4.1}{\376\377\000P\000i\000p\000e\000l\000i\000n\000e\000\040\000O\000v\000e\000r\000v\000i\000e\000w}{subsection.10.4}% 98
\BOOKMARK [3][-]{subsubsection.10.4.2}{\376\377\000I\000n\000g\000e\000s\000t\000\040\000E\000n\000d\000p\000o\000i\000n\000t}{subsection.10.4}% 99
\BOOKMARK [3][-]{subsubsection.10.4.3}{\376\377\000S\000Q\000L\000i\000t\000e\000\040\000P\000e\000r\000s\000i\000s\000t\000e\000n\000t\000\040\000S\000t\000o\000r\000a\000g\000e}{subsection.10.4}% 100
\BOOKMARK [3][-]{subsubsection.10.4.4}{\376\377\000I\000n\000-\000M\000e\000m\000o\000r\000y\000\040\000S\000t\000a\000t\000e\000\040\000a\000n\000d\000\040\000W\000e\000b\000S\000o\000c\000k\000e\000t\000\040\000P\000u\000s\000h}{subsection.10.4}% 101
\BOOKMARK [2][-]{subsection.10.5}{\376\377\000R\000e\000m\000o\000t\000e\000\040\000M\000o\000n\000i\000t\000o\000r\000i\000n\000g\000\040\000D\000a\000s\000h\000b\000o\000a\000r\000d}{section.10}% 102
\BOOKMARK [3][-]{subsubsection.10.5.1}{\376\377\000A\000r\000c\000h\000i\000t\000e\000c\000t\000u\000r\000e}{subsection.10.5}% 103
\BOOKMARK [3][-]{subsubsection.10.5.2}{\376\377\000D\000a\000s\000h\000b\000o\000a\000r\000d\000\040\000P\000a\000n\000e\000l\000s}{subsection.10.5}% 104
\BOOKMARK [3][-]{subsubsection.10.5.3}{\376\377\000C\000o\000n\000n\000e\000c\000t\000i\000o\000n\000\040\000S\000t\000a\000t\000u\000s\000\040\000I\000n\000d\000i\000c\000a\000t\000o\000r}{subsection.10.5}% 105
\BOOKMARK [3][-]{subsubsection.10.5.4}{\376\377\000A\000u\000t\000o\000-\000R\000e\000c\000o\000n\000n\000e\000c\000t}{subsection.10.5}% 106
\BOOKMARK [2][-]{subsection.10.6}{\376\377\000S\000e\000c\000u\000r\000i\000t\000y\000\040\000\046\000\040\000C\000y\000b\000e\000r\000s\000e\000c\000u\000r\000i\000t\000y}{section.10}% 107
\BOOKMARK [3][-]{subsubsection.10.6.1}{\376\377\000A\000P\000I\000\040\000K\000e\000y\000\040\000A\000u\000t\000h\000e\000n\000t\000i\000c\000a\000t\000i\000o\000n}{subsection.10.6}% 108
\BOOKMARK [3][-]{subsubsection.10.6.2}{\376\377\000T\000r\000a\000n\000s\000p\000o\000r\000t\000\040\000L\000a\000y\000e\000r}{subsection.10.6}% 109
\BOOKMARK [3][-]{subsubsection.10.6.3}{\376\377\000W\000e\000b\000S\000o\000c\000k\000e\000t\000\040\000a\000n\000d\000\040\000D\000a\000s\000h\000b\000o\000a\000r\000d\000\040\000A\000c\000c\000e\000s\000s}{subsection.10.6}% 110
\BOOKMARK [2][-]{subsection.10.7}{\376\377\000A\000P\000I\000\040\000D\000o\000c\000u\000m\000e\000n\000t\000a\000t\000i\000o\000n}{section.10}% 111
\BOOKMARK [3][-]{subsubsection.10.7.1}{\376\377\000I\000n\000g\000e\000s\000t\000\040\000P\000a\000y\000l\000o\000a\000d\000\040\000S\000c\000h\000e\000m\000a}{subsection.10.7}% 112
\BOOKMARK [3][-]{subsubsection.10.7.2}{\376\377\000E\000x\000a\000m\000p\000l\000e\000\040\000A\000P\000I\000\040\000I\000n\000t\000e\000r\000a\000c\000t\000i\000o\000n}{subsection.10.7}% 113
\BOOKMARK [1][-]{section.11}{\376\377\000I\000m\000p\000l\000e\000m\000e\000n\000t\000a\000t\000i\000o\000n\000\040\000P\000h\000a\000s\000e}{}% 114
\BOOKMARK [2][-]{subsection.11.1}{\376\377\000P\000r\000o\000t\000o\000t\000y\000p\000e\000\040\000B\000u\000i\000l\000d\000\040\000\046\000\040\000B\000r\000i\000n\000g\000-\000U\000p}{section.11}% 115
\BOOKMARK [2][-]{subsection.11.2}{\376\377\000V\000a\000l\000i\000d\000a\000t\000i\000o\000n\000\040\000\046\000\040\000V\000e\000r\000i\000f\000i\000c\000a\000t\000i\000o\000n\000\040\000\050\000V\000\046\000V\000\051}{section.11}% 116
\BOOKMARK [2][-]{subsection.11.3}{\376\377\000P\000e\000r\000f\000o\000r\000m\000a\000n\000c\000e\000\040\000T\000e\000s\000t\000i\000n\000g}{section.11}% 117
\BOOKMARK [2][-]{subsection.11.4}{\376\377\000R\000e\000g\000u\000l\000a\000t\000o\000r\000y\000\040\000\046\000\040\000H\000o\000m\000o\000l\000o\000g\000a\000t\000i\000o\000n\000\040\000T\000e\000s\000t\000i\000n\000g}{section.11}% 118
\BOOKMARK [2][-]{subsection.11.5}{\376\377\000P\000r\000o\000d\000u\000c\000t\000i\000o\000n\000\040\000R\000e\000a\000d\000i\000n\000e\000s\000s\000\040\000R\000e\000v\000i\000e\000w\000\040\000\050\000P\000R\000R\000\051}{section.11}% 119
\BOOKMARK [1][-]{section.12}{\376\377\000S\000C\000R\000U\000M\000\040\000\046\000\040\000A\000g\000i\000l\000e\000\040\000P\000r\000o\000j\000e\000c\000t\000\040\000M\000a\000n\000a\000g\000e\000m\000e\000n\000t}{}% 120
\BOOKMARK [2][-]{subsection.12.1}{\376\377\000A\000g\000i\000l\000e\000\040\000F\000r\000a\000m\000e\000w\000o\000r\000k\000\040\000O\000v\000e\000r\000v\000i\000e\000w}{section.12}% 121
\BOOKMARK [2][-]{subsection.12.2}{\376\377\000S\000p\000r\000i\000n\000t\000\040\000L\000o\000g\000\040\000\046\000\040\000V\000e\000l\000o\000c\000i\000t\000y\000\040\000T\000r\000a\000c\000k\000i\000n\000g}{section.12}% 122
\BOOKMARK [2][-]{subsection.12.3}{\376\377\000P\000r\000o\000d\000u\000c\000t\000\040\000B\000a\000c\000k\000l\000o\000g\000\040\000\046\000\040\000P\000r\000i\000o\000r\000i\000t\000i\000z\000a\000t\000i\000o\000n}{section.12}% 123
\BOOKMARK [2][-]{subsection.12.4}{\376\377\000S\000p\000r\000i\000n\000t\000\040\000R\000e\000v\000i\000e\000w\000\040\000\046\000\040\000R\000e\000t\000r\000o\000s\000p\000e\000c\000t\000i\000v\000e\000\040\000S\000u\000m\000m\000a\000r\000i\000e\000s}{section.12}% 124
\BOOKMARK [2][-]{subsection.12.5}{\376\377\000D\000e\000f\000i\000n\000i\000t\000i\000o\000n\000\040\000o\000f\000\040\000D\000o\000n\000e\000\040\000\050\000D\000o\000D\000\051\000\040\000\046\000\040\000A\000c\000c\000e\000p\000t\000a\000n\000c\000e\000\040\000C\000r\000i\000t\000e\000r\000i\000a}{section.12}% 125
\BOOKMARK [2][-]{subsection.12.6}{\376\377\000B\000u\000r\000n\000d\000o\000w\000n\000\040\000\046\000\040\000B\000u\000r\000n\000u\000p\000\040\000C\000h\000a\000r\000t\000s}{section.12}% 126
\BOOKMARK [1][-]{section.13}{\376\377\000B\000i\000l\000l\000\040\000o\000f\000\040\000M\000a\000t\000e\000r\000i\000a\000l\000s\000\040\000\050\000B\000O\000M\000\051}{}% 127
\BOOKMARK [2][-]{subsection.13.1}{\376\377\000E\000l\000e\000c\000t\000r\000o\000n\000i\000c\000s\000\040\000B\000O\000M}{section.13}% 128
\BOOKMARK [2][-]{subsection.13.2}{\376\377\000M\000e\000c\000h\000a\000n\000i\000c\000a\000l\000\040\000\046\000\040\000S\000t\000r\000u\000c\000t\000u\000r\000a\000l\000\040\000B\000O\000M}{section.13}% 129
\BOOKMARK [2][-]{subsection.13.3}{\376\377\000B\000a\000t\000t\000e\000r\000y\000\040\000\046\000\040\000P\000o\000w\000e\000r\000t\000r\000a\000i\000n\000\040\000B\000O\000M}{section.13}% 130
\BOOKMARK [2][-]{subsection.13.4}{\376\377\000S\000o\000f\000t\000w\000a\000r\000e\000\040\000\046\000\040\000L\000i\000c\000e\000n\000s\000i\000n\000g\000\040\000B\000O\000M}{section.13}% 131
\BOOKMARK [2][-]{subsection.13.5}{\376\377\000T\000o\000t\000a\000l\000\040\000P\000r\000o\000j\000e\000c\000t\000\040\000C\000o\000s\000t\000\040\000E\000s\000t\000i\000m\000a\000t\000e}{section.13}% 132
\BOOKMARK [1][-]{section.14}{\376\377\000R\000e\000s\000o\000u\000r\000c\000e\000s}{}% 133
\BOOKMARK [2][-]{subsection.14.1}{\376\377\000H\000u\000m\000a\000n\000\040\000R\000e\000s\000o\000u\000r\000c\000e\000s\000\040\000\046\000\040\000S\000k\000i\000l\000l\000s\000e\000t\000\040\000M\000a\000t\000r\000i\000x}{section.14}% 134
\BOOKMARK [2][-]{subsection.14.2}{\376\377\000E\000q\000u\000i\000p\000m\000e\000n\000t\000\040\000\046\000\040\000L\000a\000b\000\040\000R\000e\000s\000o\000u\000r\000c\000e\000s}{section.14}% 135
\BOOKMARK [2][-]{subsection.14.3}{\376\377\000S\000o\000f\000t\000w\000a\000r\000e\000\040\000T\000o\000o\000l\000s\000\040\000\046\000\040\000L\000i\000c\000e\000n\000s\000e\000s}{section.14}% 136
\BOOKMARK [2][-]{subsection.14.4}{\376\377\000C\000l\000o\000u\000d\000\040\000\046\000\040\000I\000n\000f\000r\000a\000s\000t\000r\000u\000c\000t\000u\000r\000e\000\040\000R\000e\000s\000o\000u\000r\000c\000e\000s}{section.14}% 137
\BOOKMARK [2][-]{subsection.14.5}{\376\377\000B\000u\000d\000g\000e\000t\000\040\000A\000l\000l\000o\000c\000a\000t\000i\000o\000n\000\040\000\046\000\040\000B\000u\000r\000n\000\040\000R\000a\000t\000e}{section.14}% 138
\BOOKMARK [1][-]{section.15}{\376\377\000L\000i\000m\000i\000t\000a\000t\000i\000o\000n\000s}{}% 139
\BOOKMARK [2][-]{subsection.15.1}{\376\377\000T\000e\000c\000h\000n\000i\000c\000a\000l\000\040\000L\000i\000m\000i\000t\000a\000t\000i\000o\000n\000s}{section.15}% 140
\BOOKMARK [2][-]{subsection.15.2}{\376\377\000R\000e\000g\000u\000l\000a\000t\000o\000r\000y\000\040\000\046\000\040\000C\000e\000r\000t\000i\000f\000i\000c\000a\000t\000i\000o\000n\000\040\000L\000i\000m\000i\000t\000a\000t\000i\000o\000n\000s}{section.15}% 141
\BOOKMARK [2][-]{subsection.15.3}{\376\377\000S\000o\000f\000t\000w\000a\000r\000e\000\040\000\046\000\040\000C\000o\000d\000e\000\040\000C\000o\000n\000s\000t\000r\000a\000i\000n\000t\000s}{section.15}% 142
\BOOKMARK [2][-]{subsection.15.4}{\376\377\000B\000u\000d\000g\000e\000t\000\040\000\046\000\040\000R\000e\000s\000o\000u\000r\000c\000e\000\040\000C\000o\000n\000s\000t\000r\000a\000i\000n\000t\000s}{section.15}% 143
\BOOKMARK [2][-]{subsection.15.5}{\376\377\000T\000i\000m\000e\000l\000i\000n\000e\000\040\000L\000i\000m\000i\000t\000a\000t\000i\000o\000n\000s}{section.15}% 144
\BOOKMARK [2][-]{subsection.15.6}{\376\377\000T\000e\000c\000h\000n\000o\000l\000o\000g\000y\000\040\000R\000e\000a\000d\000i\000n\000e\000s\000s\000\040\000L\000e\000v\000e\000l\000\040\000\050\000T\000R\000L\000\051\000\040\000L\000i\000m\000i\000t\000a\000t\000i\000o\000n\000s}{section.15}% 145
\BOOKMARK [1][-]{section.16}{\376\377\000B\000l\000o\000c\000k\000a\000g\000e\000s\000\040\000\046\000\040\000I\000s\000s\000u\000e\000\040\000L\000o\000g}{}% 146
\BOOKMARK [2][-]{subsection.16.1}{\376\377\000T\000e\000c\000h\000n\000i\000c\000a\000l\000\040\000D\000e\000a\000d\000l\000o\000c\000k\000s}{section.16}% 147
\BOOKMARK [2][-]{subsection.16.2}{\376\377\000S\000u\000p\000p\000l\000y\000\040\000C\000h\000a\000i\000n\000\040\000\046\000\040\000P\000r\000o\000c\000u\000r\000e\000m\000e\000n\000t\000\040\000B\000l\000o\000c\000k\000a\000g\000e\000s}{section.16}% 148
\BOOKMARK [2][-]{subsection.16.3}{\376\377\000D\000e\000p\000e\000n\000d\000e\000n\000c\000y\000\040\000\046\000\040\000T\000h\000i\000r\000d\000-\000P\000a\000r\000t\000y\000\040\000B\000l\000o\000c\000k\000a\000g\000e\000s}{section.16}% 149
\BOOKMARK [2][-]{subsection.16.4}{\376\377\000R\000e\000s\000o\000l\000v\000e\000d\000\040\000B\000l\000o\000c\000k\000e\000r\000s\000\040\000S\000u\000m\000m\000a\000r\000y}{section.16}% 150
\BOOKMARK [1][-]{section.17}{\376\377\000R\000i\000s\000k\000\040\000M\000a\000n\000a\000g\000e\000m\000e\000n\000t}{}% 151
\BOOKMARK [2][-]{subsection.17.1}{\376\377\000R\000i\000s\000k\000\040\000R\000e\000g\000i\000s\000t\000e\000r}{section.17}% 152
\BOOKMARK [2][-]{subsection.17.2}{\376\377\000S\000a\000f\000e\000t\000y\000\040\000R\000i\000s\000k\000\040\000A\000n\000a\000l\000y\000s\000i\000s\000\040\000\050\000F\000M\000E\000A\000\051}{section.17}% 153
\BOOKMARK [2][-]{subsection.17.3}{\376\377\000C\000y\000b\000e\000r\000s\000e\000c\000u\000r\000i\000t\000y\000\040\000R\000i\000s\000k\000\040\000A\000s\000s\000e\000s\000s\000m\000e\000n\000t}{section.17}% 154
\BOOKMARK [2][-]{subsection.17.4}{\376\377\000R\000i\000s\000k\000\040\000R\000e\000v\000i\000e\000w\000\040\000C\000a\000d\000e\000n\000c\000e}{section.17}% 155
\BOOKMARK [1][-]{section.18}{\376\377\000Q\000u\000a\000l\000i\000t\000y\000\040\000A\000s\000s\000u\000r\000a\000n\000c\000e}{}% 156
\BOOKMARK [2][-]{subsection.18.1}{\376\377\000Q\000u\000a\000l\000i\000t\000y\000\040\000M\000a\000n\000a\000g\000e\000m\000e\000n\000t\000\040\000P\000l\000a\000n}{section.18}% 157
\BOOKMARK [2][-]{subsection.18.2}{\376\377\000D\000e\000s\000i\000g\000n\000\040\000R\000e\000v\000i\000e\000w\000\040\000G\000a\000t\000e\000s}{section.18}% 158
\BOOKMARK [2][-]{subsection.18.3}{\376\377\000T\000e\000s\000t\000\040\000\046\000\040\000M\000e\000a\000s\000u\000r\000e\000m\000e\000n\000t\000\040\000P\000l\000a\000n}{section.18}% 159
\BOOKMARK [2][-]{subsection.18.4}{\376\377\000D\000e\000f\000e\000c\000t\000\040\000T\000r\000a\000c\000k\000i\000n\000g\000\040\000\046\000\040\000R\000e\000s\000o\000l\000u\000t\000i\000o\000n}{section.18}% 160
\BOOKMARK [1][-]{section.19}{\376\377\000R\000e\000s\000u\000l\000t\000s\000\040\000a\000n\000d\000\040\000F\000i\000n\000d\000i\000n\000g\000s}{}% 161
\BOOKMARK [2][-]{subsection.19.1}{\376\377\000T\000e\000c\000h\000n\000i\000c\000a\000l\000\040\000P\000e\000r\000f\000o\000r\000m\000a\000n\000c\000e\000\040\000R\000e\000s\000u\000l\000t\000s}{section.19}% 162
\BOOKMARK [2][-]{subsection.19.2}{\376\377\000S\000o\000f\000t\000w\000a\000r\000e\000\040\000\046\000\040\000C\000o\000n\000n\000e\000c\000t\000i\000v\000i\000t\000y\000\040\000R\000e\000s\000u\000l\000t\000s}{section.19}% 163
\BOOKMARK [3][-]{subsubsection.19.2.1}{\376\377\000W\000e\000b\000S\000o\000c\000k\000e\000t\000\040\000D\000a\000s\000h\000b\000o\000a\000r\000d\000\040\000P\000e\000r\000f\000o\000r\000m\000a\000n\000c\000e}{subsection.19.2}% 164
\BOOKMARK [3][-]{subsubsection.19.2.2}{\376\377\000S\000e\000r\000i\000a\000l\000\040\000A\000u\000t\000o\000-\000D\000e\000t\000e\000c\000t\000i\000o\000n}{subsection.19.2}% 165
\BOOKMARK [3][-]{subsubsection.19.2.3}{\376\377\000W\000i\000-\000F\000i\000\040\000A\000c\000c\000e\000s\000s\000\040\000P\000o\000i\000n\000t\000\040\000M\000o\000d\000e}{subsection.19.2}% 166
\BOOKMARK [3][-]{subsubsection.19.2.4}{\376\377\000C\000l\000o\000u\000d\000\040\000P\000i\000p\000e\000l\000i\000n\000e\000\040\000R\000e\000s\000u\000l\000t\000s}{subsection.19.2}% 167
\BOOKMARK [3][-]{subsubsection.19.2.5}{\376\377\000P\000y\000t\000h\000o\000n\000\040\000E\000m\000u\000l\000a\000t\000o\000r\000\040\000V\000a\000l\000i\000d\000a\000t\000i\000o\000n}{subsection.19.2}% 168
\BOOKMARK [2][-]{subsection.19.3}{\376\377\000C\000o\000s\000t\000\040\000v\000s\000.\000\040\000B\000u\000d\000g\000e\000t\000\040\000A\000n\000a\000l\000y\000s\000i\000s}{section.19}% 169
\BOOKMARK [2][-]{subsection.19.4}{\376\377\000K\000e\000y\000\040\000F\000i\000n\000d\000i\000n\000g\000s\000\040\000S\000u\000m\000m\000a\000r\000y}{section.19}% 170
\BOOKMARK [1][-]{section.20}{\376\377\000R\000e\000c\000o\000m\000m\000e\000n\000d\000a\000t\000i\000o\000n\000s}{}% 171
\BOOKMARK [2][-]{subsection.20.1}{\376\377\000T\000e\000c\000h\000n\000i\000c\000a\000l\000\040\000R\000e\000c\000o\000m\000m\000e\000n\000d\000a\000t\000i\000o\000n\000s}{section.20}% 172
\BOOKMARK [2][-]{subsection.20.2}{\376\377\000P\000r\000o\000c\000e\000s\000s\000\040\000R\000e\000c\000o\000m\000m\000e\000n\000d\000a\000t\000i\000o\000n\000s}{section.20}% 173
\BOOKMARK [2][-]{subsection.20.3}{\376\377\000F\000u\000t\000u\000r\000e\000\040\000D\000e\000v\000e\000l\000o\000p\000m\000e\000n\000t\000\040\000R\000o\000a\000d\000m\000a\000p}{section.20}% 174
\BOOKMARK [1][-]{section.21}{\376\377\000C\000o\000n\000c\000l\000u\000s\000i\000o\000n}{}% 175
\BOOKMARK [1][-]{section.21}{\376\377\000R\000e\000f\000e\000r\000e\000n\000c\000e\000s}{}% 176
\BOOKMARK [1][-]{section.21}{\376\377\000A\000p\000p\000e\000n\000d\000i\000c\000e\000s}{}% 177
\BOOKMARK [2][-]{section*.72}{\376\377\000A\000\040\000\040\000G\000l\000o\000s\000s\000a\000r\000y\000\040\000o\000f\000\040\000T\000e\000r\000m\000s\000\040\000\046\000\040\000A\000b\000b\000r\000e\000v\000i\000a\000t\000i\000o\000n\000s}{section.21}% 178
\BOOKMARK [2][-]{section*.72}{\376\377\000B\000\040\000\040\000S\000c\000h\000e\000m\000a\000t\000i\000c\000\040\000\046\000\040\000P\000C\000B\000\040\000L\000a\000y\000o\000u\000t\000\040\000P\000a\000c\000k\000a\000g\000e}{section.21}% 179
\BOOKMARK [2][-]{section*.72}{\376\377\000C\000\040\000\040\0003\000D\000\040\000M\000o\000d\000e\000l\000\040\000\046\000\040\000D\000r\000a\000w\000i\000n\000g\000\040\000P\000a\000c\000k\000a\000g\000e}{section.21}% 180
\BOOKMARK [2][-]{section*.72}{\376\377\000D\000\040\000\040\000S\000o\000f\000t\000w\000a\000r\000e\000\040\000R\000e\000p\000o\000s\000i\000t\000o\000r\000y\000\040\000\046\000\040\000B\000u\000i\000l\000d\000\040\000I\000n\000s\000t\000r\000u\000c\000t\000i\000o\000n\000s}{section.21}% 181
\BOOKMARK [2][-]{lstnumber.2.14}{\376\377\000E\000\040\000\040\000T\000e\000s\000t\000\040\000R\000e\000p\000o\000r\000t\000s\000\040\000\046\000\040\000C\000e\000r\000t\000i\000f\000i\000c\000a\000t\000e\000s}{section.21}% 182
\BOOKMARK [2][-]{lstnumber.2.14}{\376\377\000F\000\040\000\040\000S\000u\000p\000p\000l\000i\000e\000r\000\040\000D\000a\000t\000a\000s\000h\000e\000e\000t\000s\000\040\000\046\000\040\000A\000p\000p\000r\000o\000v\000a\000l\000s}{section.21}% 183
\BOOKMARK [2][-]{lstnumber.2.14}{\376\377\000G\000\040\000\040\000R\000e\000v\000i\000s\000i\000o\000n\000\040\000H\000i\000s\000t\000o\000r\000y}{section.21}% 184
\BOOKMARK [2][-]{table.caption.73}{\376\377\000H\000\040\000\040\000E\000S\000P\0003\0002\000\040\000F\000i\000r\000m\000w\000a\000r\000e\000\040\040\024\000\040\000m\000a\000i\000n\000.\000c\000p\000p}{section.21}% 185
\BOOKMARK [2][-]{lstnumber.8.84}{\376\377\000I\000\040\000\040\000P\000y\000t\000h\000o\000n\000\040\000B\000a\000c\000k\000e\000n\000d\000\040\000S\000e\000r\000v\000e\000r\000\040\040\024\000\040\000s\000e\000r\000v\000e\000r\000\137\000f\000r\000a\000m\000e\000\137\000p\000a\000r\000s\000e\000r\000.\000p\000y}{section.21}% 186
\BOOKMARK [2][-]{lstnumber.12.37}{\376\377\000J\000\040\000\040\000W\000e\000b\000\040\000D\000a\000s\000h\000b\000o\000a\000r\000d\000\040\040\024\000\040\000K\000e\000y\000\040\000J\000a\000v\000a\000S\000c\000r\000i\000p\000t\000\040\000S\000e\000c\000t\000i\000o\000n\000s}{section.21}% 187
